<?xml version="1.0" encoding="UTF-8"?>
<testsuites>
	<testsuite name="TestMapping-20210707160045" tests="1" file=".py" time="6.218" timestamp="2021-07-07T16:00:51" failures="0" errors="0" skipped="0">
		<testcase classname="TestMapping" name="test_comparing" time="6.218" timestamp="2021-07-07T16:00:51" file="test_mapping.py" line="8"/>
	</testsuite>
</testsuites>
